// Jest Snapshot v1, https://goo.gl/fbAQLP

exports[`should allow injecting context to components 1`] = `
<div>
  <div>
    bar
  </div>
</div>
`;

exports[`should allow injecting context to elements 1`] = `
<div>
  <div>
    bar
  </div>
</div>
`;

exports[`should allow overriding block code element 1`] = `
<div>
  <div>
    js
    :
    code
  </div>
</div>
`;

exports[`should allow overriding block code element with components version 1`] = `
<div>
  <div>
    js
    :
    code
  </div>
</div>
`;

exports[`should allow overriding inline code element 1`] = `
<div>
  <p>
    Hello 
    <span>
      code
    </span>
  </p>
</div>
`;

exports[`should allow overriding inline code element with components version 1`] = `
<div>
  <p>
    Hello 
    <span>
      code
    </span>
  </p>
</div>
`;

exports[`should be able to combine in compilation 1`] = `
<div>
  <h1
    id="hey"
  >
    hey
  </h1>
  <ul>
    <li>
      foo
    </li>
  </ul>
  <p>
    -bar
  
  </p>
</div>
`;

exports[`should be able to compile codespans 1`] = `
<div>
  <p>
    install with 
    <code>
      $ npm install
    </code>
  </p>
</div>
`;

exports[`should be able to compile components 1`] = `
<div>
  <div>
    mip
  </div>
</div>
`;

exports[`should be able to compile components using H and marksy language 1`] = `
<div>
  <div>
    mip
  </div>
</div>
`;

exports[`should be able to compile components using marksy language 1`] = `
<div>
  <div>
    mip
  </div>
</div>
`;

exports[`should be able to compile headers 1`] = `
<div>
  <h1
    id="header1"
  >
    header1
  </h1>
  <h2
    id="header1-header2"
  >
    header2
  </h2>
  <h3
    id="header1-header2-header3"
  >
    header3
  </h3>
  <h4
    id="header1-header2-header3-header4"
  >
    header4
  </h4>
</div>
`;

exports[`should be able to compile html 1`] = `
<div>
  <div>
    <div>
      hello
    </div>
  </div>
</div>
`;

exports[`should be able to compile html as components 1`] = `
<div>
  <div>
    hello
  </div>
</div>
`;

exports[`should be able to compile image 1`] = `
<div>
  <p>
    <img
      alt="test"
      src="http://some.com/image.png"
    />
  </p>
</div>
`;

exports[`should be able to compile italic text 1`] = `
<div>
  <p>
    hello 
    <em>
      there
    </em>
  </p>
</div>
`;

exports[`should be able to compile links 1`] = `
<div>
  <p>
    <a
      href="http://example.com"
    >
      my link
    </a>
  </p>
</div>
`;

exports[`should be able to compile list 1`] = `
<div>
  <ul>
    <li>
      foo
    </li>
    <li>
      bar
    </li>
  </ul>
</div>
`;

exports[`should be able to compile list with html tag 1`] = `
<div>
  <p>
      null this is root red text null
  </p>
  <ul>
    <li>
      list 1
    </li>
    <li>
      list 2
    </li>
    <li>
      nulllist blue textnull
    </li>
    <li>
      list 3
      <ul>
        <li>
          nulltwo depth green textnull
        </li>
      </ul>
    </li>
  </ul>
</div>
`;

exports[`should be able to compile multiple html 1`] = `
NodeList [
  <div>
    <div>
      <div>
        hello
      </div>
      

      <strong>
        there
      </strong>
      

      <em>
        world
      </em>
    </div>
  </div>,
]
`;

exports[`should be able to compile multiple html as components 1`] = `<div />`;

exports[`should be able to compile nested lists 1`] = `
<div>
  <ul>
    <li>
      Colors
      <ul>
        <li>
          Red
        </li>
        <li>
          Blue
        </li>
      </ul>
    </li>
    <li>
      Shape
      <ul>
        <li>
          Triangle
        </li>
        <li>
          Rectangle
        </li>
      </ul>
    </li>
  </ul>
</div>
`;

exports[`should be able to compile ordered list 1`] = `
<div>
  <ol>
    <li>
      foo
    </li>
    <li>
      bar
    </li>
  </ol>
</div>
`;

exports[`should be able to compile self-closing tag 1`] = `
<div>
  <p>
      
    <img
      alt="test"
      src="http://some.com/image.png"
    />
  </p>
  <div>
      
    <div>
      <br />
    </div>
    
  

  </div>
  <div>
      
    <hr />
    


  </div>
  <div>
      
    <input
      type="text"
    />
    
  
  </div>
</div>
`;

exports[`should be able to compile strong text 1`] = `
<div>
  <p>
    hello 
    <strong>
      there
    </strong>
  </p>
</div>
`;

exports[`should be able to compile tables 1`] = `
<div>
  <table>
    <thead>
      <tr>
        <th>
          Tables
        </th>
        <th
          class="text-center"
        >
          Are
        </th>
        <th
          class="text-right"
        >
          Cool
        </th>
      </tr>
    </thead>
    <tbody>
      <tr>
        <td>
          col 3 is
        </td>
        <td
          class="text-center"
        >
          right-aligned
        </td>
        <td
          class="text-right"
        >
          $1600
        </td>
      </tr>
      <tr>
        <td>
          col 2 is
        </td>
        <td
          class="text-center"
        >
          centered
        </td>
        <td
          class="text-right"
        >
          $12
        </td>
      </tr>
      <tr>
        <td>
          zebra stripes
        </td>
        <td
          class="text-center"
        >
          are neat
        </td>
        <td
          class="text-right"
        >
          $1
        </td>
      </tr>
    </tbody>
  </table>
</div>
`;

exports[`should be able to compile text 1`] = `
<div>
  <p>
    hello
  </p>
</div>
`;

exports[`should be able to inline components 1`] = `
<div>
  <p>
    Hello there 
    <span>
      Wuuut
    </span>
  </p>
</div>
`;

exports[`should escape code when no highlighting is supplied 1`] = `
<div>
  <pre>
    <code
      class="language-js"
    >
      const Foo = () =&gt; &lt;div/&gt;
    </code>
  </pre>
</div>
`;

exports[`should escape code when no highlighting is supplied with components version 1`] = `
<div>
  <pre>
    <code
      class="language-js"
    >
      const Foo = () =&gt; &lt;div/&gt;
    </code>
  </pre>
</div>
`;

exports[`should handle same name nested headers 1`] = `
<div>
  <h1
    id="header1"
  >
    header1
  </h1>
  <h2
    id="header1-header2"
  >
    header2
  </h2>
  <h1
    id="header3"
  >
    header3
  </h1>
  <h2
    id="header3-header2"
  >
    header2
  </h2>
</div>
`;

exports[`should highlight code with Prism.js 1`] = `
<div>
  <pre>
    <code
      class="language-js"
    >
      <span
        class="token keyword"
      >
        const
      </span>
       foo 
      <span
        class="token operator"
      >
        =
      </span>
       
      <span
        class="token string"
      >
        "bar"
      </span>
    </code>
  </pre>
</div>
`;

exports[`should highlight code with highlight.js 1`] = `
<div>
  <pre>
    <code
      class="language-js"
    >
      <span
        class="hljs-keyword"
      >
        const
      </span>
       foo = 
      <span
        class="hljs-string"
      >
        "bar"
      </span>
    </code>
  </pre>
</div>
`;

exports[`should not crash highlight.js with unsupported language 1`] = `
<div>
  <pre>
    <code>
      const foo = "bar"
    </code>
  </pre>
</div>
`;

exports[`should produce TOC 1`] = `
"[
  {
    \\"id\\": \\"foo\\",
    \\"title\\": \\"foo\\",
    \\"level\\": 1,
    \\"children\\": [
      {
        \\"id\\": \\"foo-bar\\",
        \\"title\\": \\"bar\\",
        \\"level\\": 2,
        \\"children\\": [
          {
            \\"id\\": \\"foo-bar-baz\\",
            \\"title\\": \\"baz\\",
            \\"level\\": 3,
            \\"children\\": []
          }
        ]
      }
    ]
  }
]"
`;

exports[`should produce custom tags 1`] = `
<div>
  <div>
    foo
  </div>
</div>
`;

exports[`should show source instead of compiling components when using other languages 1`] = `
<div>
  <pre>
    <code
      class="language-js"
    >
      &lt;Test /&gt;
    </code>
  </pre>
</div>
`;

exports[`should work with Inferno 1`] = `"<div><div>foo</div></div>"`;

exports[`should work with Preact 1`] = `"<div><div>foo</div></div>"`;
